// Jest Snapshot v1, https://goo.gl/fbAQLP

exports[`tooltip renders 1`] = `
<DocumentFragment>
  <div>
    <div>
      Toggle tooltip
    </div>
  </div>
</DocumentFragment>
`;
