// Jest Snapshot v1, https://goo.gl/fbAQLP

exports[`dropdown items a 1`] = `<[object Object] />`;

exports[`dropdown items button 1`] = `<[object Object] />`;

exports[`dropdown items disabled a 1`] = `<[object Object] />`;

exports[`dropdown items disabled button 1`] = `<[object Object] />`;

exports[`dropdown items hover a 1`] = `<[object Object] />`;

exports[`dropdown items hover button 1`] = `<[object Object] />`;

exports[`dropdown items separator 1`] = `
.pf-c-dropdown__separator {
  display: block;
  height: 1px;
  background-color: #ededed;
}

<DropdownItem
  className="pf-c-dropdown__separator"
  component="div"
  href="#"
  isDisabled={false}
  isHovered={false}
  onClick={[Function]}
  role="separator"
/>
`;
