// Jest Snapshot v1, https://goo.gl/fbAQLP

exports[`ListItem should match snapshot (auto-generated) 1`] = `
<DocumentFragment>
  <li
    class=""
  >
    <span
      class="pf-v5-c-list__item"
    >
      ReactNode
    </span>
  </li>
</DocumentFragment>
`;
