// Jest Snapshot v1, https://goo.gl/fbAQLP

exports[`TimePicker Renders in strict mode 1`] = `
<DocumentFragment>
  <div
    class="pf-c-date-picker"
  >
    <div
      class="pf-c-date-picker__input"
      style="--pf-c-date-picker__input--c-form-control--Width: 150px;"
      value="00:00"
    >
      <div
        class="pf-c-input-group"
      >
        <div
          id="time-picker-1661192061570e94lh8o2zhe"
        >
          <div
            style="padding-left: 0px;"
          >
            <div>
              <input
                aria-haspopup="menu"
                aria-invalid="false"
                aria-label="time picker"
                autocomplete="off"
                class="pf-c-form-control pf-m-icon pf-m-clock pf-c-form-control"
                data-ouia-component-id="OUIA-Generated-TextInputBase-2"
                data-ouia-component-type="PF4/TextInput"
                data-ouia-safe="true"
                id="time-picker-1661192061570e94lh8o2zhe-input"
                placeholder="hh:mm"
                type="text"
                value=""
              />
            </div>
          </div>
        </div>
      </div>
    </div>
  </div>
</DocumentFragment>
`;
