// Jest Snapshot v1, https://goo.gl/fbAQLP

exports[`checkbox select options disabled renders disabled successfully 1`] = `<[object Object] />`;

exports[`checkbox select options hover renders with checked successfully 1`] = `<[object Object] />`;

exports[`checkbox select options renders with value parameter successfully 1`] = `<[object Object] />`;
