// Jest Snapshot v1, https://goo.gl/fbAQLP

exports[`select options checked renders with checked successfully 1`] = `
<ContextConsumer>
  <Component />
</ContextConsumer>
`;

exports[`select options disabled renders disabled successfully 1`] = `
<ContextConsumer>
  <Component />
</ContextConsumer>
`;

exports[`select options is selected renders selected successfully 1`] = `
<ContextConsumer>
  <Component />
</ContextConsumer>
`;

exports[`select options renders with value parameter successfully 1`] = `
<ContextConsumer>
  <Component />
</ContextConsumer>
`;
