// Jest Snapshot v1, https://goo.gl/fbAQLP

exports[`PopoverHeader should match snapshot (auto-generated) 1`] = `
<header
  className="pf-c-popover__header"
  id="string"
>
  <h1
    className="pf-c-popover__title"
  >
    <div>
      ReactNode
    </div>
  </h1>
</header>
`;
