// Jest Snapshot v1, https://goo.gl/fbAQLP

exports[`DataListAction should match snapshot (auto-generated) 1`] = `
<DocumentFragment>
  <div
    aria-label="string"
    aria-labelledby="string"
    class="pf-v5-c-data-list__item-action ''"
    id="string"
  >
    <div>
      ReactNode
    </div>
  </div>
</DocumentFragment>
`;
